[2026-08-07 22:41:00] production.ERROR: Class "Laravel\Pail\PailServiceProvider" not found {"exception":"[object] (Error(code: 0): Class \"Laravel\\Pail\\PailServiceProvider\" not found at F:/Afrishop/Afrishop/3-Backend-laravel/vendor/laravel/framework/src/Illuminate/Foundation/ProviderRepository.php:205)
[stacktrace]
#0 F:/Afrishop/Afrishop/3-Backend-laravel/vendor/laravel/framework/src/Illuminate/Foundation/ProviderRepository.php(141): Illuminate/Foundation/ProviderRepository->createProvider('Laravel//Pail//Pa...')
#1 F:/Afrishop/Afrishop/3-Backend-laravel/vendor/laravel/framework/src/Illuminate/Foundation/ProviderRepository.php(60): Illuminate/Foundation/ProviderRepository->compileManifest(Array)
#2 F:/Afrishop/Afrishop/3-Backend-laravel/vendor/laravel/framework/src/Illuminate/Foundation/Application.php(878): Illuminate/Foundation/ProviderRepository->load(Array)
#3 F:/Afrishop/Afrishop/3-Backend-laravel/vendor/laravel/framework/src/Illuminate/Foundation/Bootstrap/RegisterProviders.php(37): Illuminate/Foundation/Application->registerConfiguredProviders()
#4 F:/Afrishop/Afrishop/3-Backend-laravel/vendor/laravel/framework/src/Illuminate/Foundation/Application.php(349): Illuminate/Foundation/Bootstrap/RegisterProviders->bootstrap(Object(Illuminate/Foundation/Application))
#5 F:/Afrishop/Afrishop/3-Backend-laravel/vendor/laravel/framework/src/Illuminate/Foundation/Console/Kernel.php(494): Illuminate/Foundation/Application->bootstrapWith(Array)
#6 F:/Afrishop/Afrishop/3-Backend-laravel/vendor/laravel/framework/src/Illuminate/Foundation/Console/Kernel.php(196): Illuminate/Foundation/Console/Kernel->bootstrap()
#7 F:/Afrishop/Afrishop/3-Backend-laravel/vendor/laravel/framework/src/Illuminate/Foundation/Application.php(1242): Illuminate/Foundation/Console/Kernel->handle(Object(Symfony/Component/Console/Input/ArgvInput), Object(Symfony/Component/Console/Output/ConsoleOutput))
#8 F:/Afrishop/Afrishop/3-Backend-laravel/artisan(16): Illuminate/Foundation/Application->handleCommand(Object(Symfony/Component/Console/Input/ArgvInput))
#9 {main}
"} 
[2026-08-07 22:41:00] production.ERROR: Class "Laravel\Pail\PailServiceProvider" not found {"exception":"[object] (Error(code: 0): Class \"Laravel\\Pail\\PailServiceProvider\" not found at F:/Afrishop/Afrishop/3-Backend-laravel/vendor/laravel/framework/src/Illuminate/Foundation/ProviderRepository.php:205)
[stacktrace]
#0 F:/Afrishop/Afrishop/3-Backend-laravel/vendor/laravel/framework/src/Illuminate/Foundation/ProviderRepository.php(141): Illuminate/Foundation/ProviderRepository->createProvider('Laravel//Pail//Pa...')
#1 F:/Afrishop/Afrishop/3-Backend-laravel/vendor/laravel/framework/src/Illuminate/Foundation/ProviderRepository.php(60): Illuminate/Foundation/ProviderRepository->compileManifest(Array)
#2 F:/Afrishop/Afrishop/3-Backend-laravel/vendor/laravel/framework/src/Illuminate/Foundation/Application.php(878): Illuminate/Foundation/ProviderRepository->load(Array)
#3 F:/Afrishop/Afrishop/3-Backend-laravel/vendor/laravel/framework/src/Illuminate/Foundation/Bootstrap/RegisterProviders.php(37): Illuminate/Foundation/Application->registerConfiguredProviders()
#4 F:/Afrishop/Afrishop/3-Backend-laravel/vendor/laravel/framework/src/Illuminate/Foundation/Application.php(349): Illuminate/Foundation/Bootstrap/RegisterProviders->bootstrap(Object(Illuminate/Foundation/Application))
#5 F:/Afrishop/Afrishop/3-Backend-laravel/vendor/laravel/framework/src/Illuminate/Foundation/Console/Kernel.php(494): Illuminate/Foundation/Application->bootstrapWith(Array)
#6 F:/Afrishop/Afrishop/3-Backend-laravel/vendor/laravel/framework/src/Illuminate/Foundation/Console/Kernel.php(196): Illuminate/Foundation/Console/Kernel->bootstrap()
#7 F:/Afrishop/Afrishop/3-Backend-laravel/vendor/laravel/framework/src/Illuminate/Foundation/Application.php(1242): Illuminate/Foundation/Console/Kernel->handle(Object(Symfony/Component/Console/Input/ArgvInput), Object(Symfony/Component/Console/Output/ConsoleOutput))
#8 F:/Afrishop/Afrishop/3-Backend-laravel/artisan(16): Illuminate/Foundation/Application->handleCommand(Object(Symfony/Component/Console/Input/ArgvInput))
#9 {main}
"} 
[2026-08-07 22:48:41] production.ERROR: SQLSTATE[42S02]: Base table or view not found: 1146 Table 'afrishop.cache' doesn't exist (Connection: mysql, Host: 127.0.0.1, Port: 3306, Database: afrishop, SQL: delete from `cache`) {"exception":"[object] (Illuminate\\Database\\QueryException(code: 42S02): SQLSTATE[42S02]: Base table or view not found: 1146 Table 'afrishop.cache' doesn't exist (Connection: mysql, Host: 127.0.0.1, Port: 3306, Database: afrishop, SQL: delete from `cache`) at F:/Afrishop/Afrishop/3-Backend-laravel/vendor/laravel/framework/src/Illuminate/Database/Connection.php:857)
[stacktrace]
#0 F:/Afrishop/Afrishop/3-Backend-laravel/vendor/laravel/framework/src/Illuminate/Database/Connection.php(813): Illuminate/Database/Connection->runQueryCallback('delete from `ca...', Array, Object(Closure))
#1 F:/Afrishop/Afrishop/3-Backend-laravel/vendor/laravel/framework/src/Illuminate/Database/Connection.php(614): Illuminate/Database/Connection->run('delete from `ca...', Array, Object(Closure))
#2 F:/Afrishop/Afrishop/3-Backend-laravel/vendor/laravel/framework/src/Illuminate/Database/Connection.php(578): Illuminate/Database/Connection->affectingStatement('delete from `ca...', Array)
#3 F:/Afrishop/Afrishop/3-Backend-laravel/vendor/laravel/framework/src/Illuminate/Database/Query/Builder.php(4520): Illuminate/Database/Connection->delete('delete from `ca...', Array)
#4 F:/Afrishop/Afrishop/3-Backend-laravel/vendor/laravel/framework/src/Illuminate/Cache/DatabaseStore.php(450): Illuminate/Database/Query/Builder->delete()
#5 F:/Afrishop/Afrishop/3-Backend-laravel/vendor/laravel/framework/src/Illuminate/Cache/Repository.php(1076): Illuminate/Cache/DatabaseStore->flush()
#6 F:/Afrishop/Afrishop/3-Backend-laravel/vendor/laravel/framework/src/Illuminate/Cache/Console/ClearCommand.php(81): Illuminate/Cache/Repository->__call('flush', Array)
#7 F:/Afrishop/Afrishop/3-Backend-laravel/vendor/laravel/framework/src/Illuminate/Container/BoundMethod.php(36): Illuminate/Cache/Console/ClearCommand->handle()
#8 F:/Afrishop/Afrishop/3-Backend-laravel/vendor/laravel/framework/src/Illuminate/Container/Util.php(43): Illuminate/Container/BoundMethod::{closure:Illuminate/Container/BoundMethod::call():35}()
#9 F:/Afrishop/Afrishop/3-Backend-laravel/vendor/laravel/framework/src/Illuminate/Container/BoundMethod.php(96): Illuminate/Container/Util::unwrapIfClosure(Object(Closure))
#10 F:/Afrishop/Afrishop/3-Backend-laravel/vendor/laravel/framework/src/Illuminate/Container/BoundMethod.php(35): Illuminate/Container/BoundMethod::callBoundMethod(Object(Illuminate/Foundation/Application), Array, Object(Closure))
#11 F:/Afrishop/Afrishop/3-Backend-laravel/vendor/laravel/framework/src/Illuminate/Container/Container.php(800): Illuminate/Container/BoundMethod::call(Object(Illuminate/Foundation/Application), Array, Array, NULL)
#12 F:/Afrishop/Afrishop/3-Backend-laravel/vendor/laravel/framework/src/Illuminate/Console/Command.php(292): Illuminate/Container/Container->call(Array)
#13 F:/Afrishop/Afrishop/3-Backend-laravel/vendor/symfony/console/Command/Command.php(284): Illuminate/Console/Command->execute(Object(Symfony/Component/Console/Input/ArrayInput), Object(Illuminate/Console/OutputStyle))
#14 F:/Afrishop/Afrishop/3-Backend-laravel/vendor/laravel/framework/src/Illuminate/Console/Command.php(261): Symfony/Component/Console/Command/Command->run(Object(Symfony/Component/Console/Input/ArrayInput), Object(Illuminate/Console/OutputStyle))
#15 F:/Afrishop/Afrishop/3-Backend-laravel/vendor/laravel/framework/src/Illuminate/Console/Concerns/CallsCommands.php(68): Illuminate/Console/Command->run(Object(Symfony/Component/Console/Input/ArrayInput), Object(Symfony/Component/Console/Output/NullOutput))
#16 F:/Afrishop/Afrishop/3-Backend-laravel/vendor/laravel/framework/src/Illuminate/Console/Concerns/CallsCommands.php(41): Illuminate/Console/Command->runCommand('cache:clear', Array, Object(Symfony/Component/Console/Output/NullOutput))
#17 F:/Afrishop/Afrishop/3-Backend-laravel/vendor/laravel/framework/src/Illuminate/Console/Concerns/CallsCommands.php(53): Illuminate/Console/Command->callSilent('cache:clear', Array)
#18 F:/Afrishop/Afrishop/3-Backend-laravel/vendor/laravel/framework/src/Illuminate/Foundation/Console/OptimizeClearCommand.php(48): Illuminate/Console/Command->callSilently('cache:clear')
#19 F:/Afrishop/Afrishop/3-Backend-laravel/vendor/laravel/framework/src/Illuminate/Console/View/Components/Task.php(43): Illuminate/Foundation/Console/OptimizeClearCommand->{closure:Illuminate/Foundation/Console/OptimizeClearCommand::handle():48}()
#20 F:/Afrishop/Afrishop/3-Backend-laravel/vendor/laravel/framework/src/Illuminate/Console/View/Components/Factory.php(61): Illuminate/Console/View/Components/Task->render('cache', Object(Closure))
#21 F:/Afrishop/Afrishop/3-Backend-laravel/vendor/laravel/framework/src/Illuminate/Foundation/Console/OptimizeClearCommand.php(48): Illuminate/Console/View/Components/Factory->__call('task', Array)
#22 F:/Afrishop/Afrishop/3-Backend-laravel/vendor/laravel/framework/src/Illuminate/Container/BoundMethod.php(36): Illuminate/Foundation/Console/OptimizeClearCommand->handle()
#23 F:/Afrishop/Afrishop/3-Backend-laravel/vendor/laravel/framework/src/Illuminate/Container/Util.php(43): Illuminate/Container/BoundMethod::{closure:Illuminate/Container/BoundMethod::call():35}()
#24 F:/Afrishop/Afrishop/3-Backend-laravel/vendor/laravel/framework/src/Illuminate/Container/BoundMethod.php(96): Illuminate/Container/Util::unwrapIfClosure(Object(Closure))
#25 F:/Afrishop/Afrishop/3-Backend-laravel/vendor/laravel/framework/src/Illuminate/Container/BoundMethod.php(35): Illuminate/Container/BoundMethod::callBoundMethod(Object(Illuminate/Foundation/Application), Array, Object(Closure))
#26 F:/Afrishop/Afrishop/3-Backend-laravel/vendor/laravel/framework/src/Illuminate/Container/Container.php(800): Illuminate/Container/BoundMethod::call(Object(Illuminate/Foundation/Application), Array, Array, NULL)
#27 F:/Afrishop/Afrishop/3-Backend-laravel/vendor/laravel/framework/src/Illuminate/Console/Command.php(292): Illuminate/Container/Container->call(Array)
#28 F:/Afrishop/Afrishop/3-Backend-laravel/vendor/symfony/console/Command/Command.php(284): Illuminate/Console/Command->execute(Object(Symfony/Component/Console/Input/ArgvInput), Object(Illuminate/Console/OutputStyle))
#29 F:/Afrishop/Afrishop/3-Backend-laravel/vendor/laravel/framework/src/Illuminate/Console/Command.php(261): Symfony/Component/Console/Command/Command->run(Object(Symfony/Component/Console/Input/ArgvInput), Object(Illuminate/Console/OutputStyle))
#30 F:/Afrishop/Afrishop/3-Backend-laravel/vendor/symfony/console/Application.php(1144): Illuminate/Console/Command->run(Object(Symfony/Component/Console/Input/ArgvInput), Object(Symfony/Component/Console/Output/ConsoleOutput))
#31 F:/Afrishop/Afrishop/3-Backend-laravel/vendor/symfony/console/Application.php(379): Symfony/Component/Console/Application->doRunCommand(Object(Illuminate/Foundation/Console/OptimizeClearCommand), Object(Symfony/Component/Console/Input/ArgvInput), Object(Symfony/Component/Console/Output/ConsoleOutput))
#32 F:/Afrishop/Afrishop/3-Backend-laravel/vendor/symfony/console/Application.php(218): Symfony/Component/Console/Application->doRun(Object(Symfony/Component/Console/Input/ArgvInput), Object(Symfony/Component/Console/Output/ConsoleOutput))
#33 F:/Afrishop/Afrishop/3-Backend-laravel/vendor/laravel/framework/src/Illuminate/Foundation/Console/Kernel.php(198): Symfony/Component/Console/Application->run(Object(Symfony/Component/Console/Input/ArgvInput), Object(Symfony/Component/Console/Output/ConsoleOutput))
#34 F:/Afrishop/Afrishop/3-Backend-laravel/vendor/laravel/framework/src/Illuminate/Foundation/Application.php(1242): Illuminate/Foundation/Console/Kernel->handle(Object(Symfony/Component/Console/Input/ArgvInput), Object(Symfony/Component/Console/Output/ConsoleOutput))
#35 F:/Afrishop/Afrishop/3-Backend-laravel/artisan(16): Illuminate/Foundation/Application->handleCommand(Object(Symfony/Component/Console/Input/ArgvInput))
#36 {main}

[previous exception] [object] (PDOException(code: 42S02): SQLSTATE[42S02]: Base table or view not found: 1146 Table 'afrishop.cache' doesn't exist at F:/Afrishop/Afrishop/3-Backend-laravel/vendor/laravel/framework/src/Illuminate/Database/Connection.php:622)
[stacktrace]
#0 F:/Afrishop/Afrishop/3-Backend-laravel/vendor/laravel/framework/src/Illuminate/Database/Connection.php(622): PDO->prepare('delete from `ca...')
#1 F:/Afrishop/Afrishop/3-Backend-laravel/vendor/laravel/framework/src/Illuminate/Database/Connection.php(846): Illuminate/Database/Connection->{closure:Illuminate/Database/Connection::affectingStatement():614}('delete from `ca...', Array)
#2 F:/Afrishop/Afrishop/3-Backend-laravel/vendor/laravel/framework/src/Illuminate/Database/Connection.php(813): Illuminate/Database/Connection->runQueryCallback('delete from `ca...', Array, Object(Closure))
#3 F:/Afrishop/Afrishop/3-Backend-laravel/vendor/laravel/framework/src/Illuminate/Database/Connection.php(614): Illuminate/Database/Connection->run('delete from `ca...', Array, Object(Closure))
#4 F:/Afrishop/Afrishop/3-Backend-laravel/vendor/laravel/framework/src/Illuminate/Database/Connection.php(578): Illuminate/Database/Connection->affectingStatement('delete from `ca...', Array)
#5 F:/Afrishop/Afrishop/3-Backend-laravel/vendor/laravel/framework/src/Illuminate/Database/Query/Builder.php(4520): Illuminate/Database/Connection->delete('delete from `ca...', Array)
#6 F:/Afrishop/Afrishop/3-Backend-laravel/vendor/laravel/framework/src/Illuminate/Cache/DatabaseStore.php(450): Illuminate/Database/Query/Builder->delete()
#7 F:/Afrishop/Afrishop/3-Backend-laravel/vendor/laravel/framework/src/Illuminate/Cache/Repository.php(1076): Illuminate/Cache/DatabaseStore->flush()
#8 F:/Afrishop/Afrishop/3-Backend-laravel/vendor/laravel/framework/src/Illuminate/Cache/Console/ClearCommand.php(81): Illuminate/Cache/Repository->__call('flush', Array)
#9 F:/Afrishop/Afrishop/3-Backend-laravel/vendor/laravel/framework/src/Illuminate/Container/BoundMethod.php(36): Illuminate/Cache/Console/ClearCommand->handle()
#10 F:/Afrishop/Afrishop/3-Backend-laravel/vendor/laravel/framework/src/Illuminate/Container/Util.php(43): Illuminate/Container/BoundMethod::{closure:Illuminate/Container/BoundMethod::call():35}()
#11 F:/Afrishop/Afrishop/3-Backend-laravel/vendor/laravel/framework/src/Illuminate/Container/BoundMethod.php(96): Illuminate/Container/Util::unwrapIfClosure(Object(Closure))
#12 F:/Afrishop/Afrishop/3-Backend-laravel/vendor/laravel/framework/src/Illuminate/Container/BoundMethod.php(35): Illuminate/Container/BoundMethod::callBoundMethod(Object(Illuminate/Foundation/Application), Array, Object(Closure))
#13 F:/Afrishop/Afrishop/3-Backend-laravel/vendor/laravel/framework/src/Illuminate/Container/Container.php(800): Illuminate/Container/BoundMethod::call(Object(Illuminate/Foundation/Application), Array, Array, NULL)
#14 F:/Afrishop/Afrishop/3-Backend-laravel/vendor/laravel/framework/src/Illuminate/Console/Command.php(292): Illuminate/Container/Container->call(Array)
#15 F:/Afrishop/Afrishop/3-Backend-laravel/vendor/symfony/console/Command/Command.php(284): Illuminate/Console/Command->execute(Object(Symfony/Component/Console/Input/ArrayInput), Object(Illuminate/Console/OutputStyle))
#16 F:/Afrishop/Afrishop/3-Backend-laravel/vendor/laravel/framework/src/Illuminate/Console/Command.php(261): Symfony/Component/Console/Command/Command->run(Object(Symfony/Component/Console/Input/ArrayInput), Object(Illuminate/Console/OutputStyle))
#17 F:/Afrishop/Afrishop/3-Backend-laravel/vendor/laravel/framework/src/Illuminate/Console/Concerns/CallsCommands.php(68): Illuminate/Console/Command->run(Object(Symfony/Component/Console/Input/ArrayInput), Object(Symfony/Component/Console/Output/NullOutput))
#18 F:/Afrishop/Afrishop/3-Backend-laravel/vendor/laravel/framework/src/Illuminate/Console/Concerns/CallsCommands.php(41): Illuminate/Console/Command->runCommand('cache:clear', Array, Object(Symfony/Component/Console/Output/NullOutput))
#19 F:/Afrishop/Afrishop/3-Backend-laravel/vendor/laravel/framework/src/Illuminate/Console/Concerns/CallsCommands.php(53): Illuminate/Console/Command->callSilent('cache:clear', Array)
#20 F:/Afrishop/Afrishop/3-Backend-laravel/vendor/laravel/framework/src/Illuminate/Foundation/Console/OptimizeClearCommand.php(48): Illuminate/Console/Command->callSilently('cache:clear')
#21 F:/Afrishop/Afrishop/3-Backend-laravel/vendor/laravel/framework/src/Illuminate/Console/View/Components/Task.php(43): Illuminate/Foundation/Console/OptimizeClearCommand->{closure:Illuminate/Foundation/Console/OptimizeClearCommand::handle():48}()
#22 F:/Afrishop/Afrishop/3-Backend-laravel/vendor/laravel/framework/src/Illuminate/Console/View/Components/Factory.php(61): Illuminate/Console/View/Components/Task->render('cache', Object(Closure))
#23 F:/Afrishop/Afrishop/3-Backend-laravel/vendor/laravel/framework/src/Illuminate/Foundation/Console/OptimizeClearCommand.php(48): Illuminate/Console/View/Components/Factory->__call('task', Array)
#24 F:/Afrishop/Afrishop/3-Backend-laravel/vendor/laravel/framework/src/Illuminate/Container/BoundMethod.php(36): Illuminate/Foundation/Console/OptimizeClearCommand->handle()
#25 F:/Afrishop/Afrishop/3-Backend-laravel/vendor/laravel/framework/src/Illuminate/Container/Util.php(43): Illuminate/Container/BoundMethod::{closure:Illuminate/Container/BoundMethod::call():35}()
#26 F:/Afrishop/Afrishop/3-Backend-laravel/vendor/laravel/framework/src/Illuminate/Container/BoundMethod.php(96): Illuminate/Container/Util::unwrapIfClosure(Object(Closure))
#27 F:/Afrishop/Afrishop/3-Backend-laravel/vendor/laravel/framework/src/Illuminate/Container/BoundMethod.php(35): Illuminate/Container/BoundMethod::callBoundMethod(Object(Illuminate/Foundation/Application), Array, Object(Closure))
#28 F:/Afrishop/Afrishop/3-Backend-laravel/vendor/laravel/framework/src/Illuminate/Container/Container.php(800): Illuminate/Container/BoundMethod::call(Object(Illuminate/Foundation/Application), Array, Array, NULL)
#29 F:/Afrishop/Afrishop/3-Backend-laravel/vendor/laravel/framework/src/Illuminate/Console/Command.php(292): Illuminate/Container/Container->call(Array)
#30 F:/Afrishop/Afrishop/3-Backend-laravel/vendor/symfony/console/Command/Command.php(284): Illuminate/Console/Command->execute(Object(Symfony/Component/Console/Input/ArgvInput), Object(Illuminate/Console/OutputStyle))
#31 F:/Afrishop/Afrishop/3-Backend-laravel/vendor/laravel/framework/src/Illuminate/Console/Command.php(261): Symfony/Component/Console/Command/Command->run(Object(Symfony/Component/Console/Input/ArgvInput), Object(Illuminate/Console/OutputStyle))
#32 F:/Afrishop/Afrishop/3-Backend-laravel/vendor/symfony/console/Application.php(1144): Illuminate/Console/Command->run(Object(Symfony/Component/Console/Input/ArgvInput), Object(Symfony/Component/Console/Output/ConsoleOutput))
#33 F:/Afrishop/Afrishop/3-Backend-laravel/vendor/symfony/console/Application.php(379): Symfony/Component/Console/Application->doRunCommand(Object(Illuminate/Foundation/Console/OptimizeClearCommand), Object(Symfony/Component/Console/Input/ArgvInput), Object(Symfony/Component/Console/Output/ConsoleOutput))
#34 F:/Afrishop/Afrishop/3-Backend-laravel/vendor/symfony/console/Application.php(218): Symfony/Component/Console/Application->doRun(Object(Symfony/Component/Console/Input/ArgvInput), Object(Symfony/Component/Console/Output/ConsoleOutput))
#35 F:/Afrishop/Afrishop/3-Backend-laravel/vendor/laravel/framework/src/Illuminate/Foundation/Console/Kernel.php(198): Symfony/Component/Console/Application->run(Object(Symfony/Component/Console/Input/ArgvInput), Object(Symfony/Component/Console/Output/ConsoleOutput))
#36 F:/Afrishop/Afrishop/3-Backend-laravel/vendor/laravel/framework/src/Illuminate/Foundation/Application.php(1242): Illuminate/Foundation/Console/Kernel->handle(Object(Symfony/Component/Console/Input/ArgvInput), Object(Symfony/Component/Console/Output/ConsoleOutput))
#37 F:/Afrishop/Afrishop/3-Backend-laravel/artisan(16): Illuminate/Foundation/Application->handleCommand(Object(Symfony/Component/Console/Input/ArgvInput))
#38 {main}
"} 
[2026-08-07 22:54:54] production.ERROR: View path not found. {"exception":"[object] (RuntimeException(code: 0): View path not found. at F:/Afrishop/Afrishop/3-Backend-laravel/vendor/laravel/framework/src/Illuminate/Foundation/Console/ViewClearCommand.php:58)
[stacktrace]
#0 F:/Afrishop/Afrishop/3-Backend-laravel/vendor/laravel/framework/src/Illuminate/Container/BoundMethod.php(36): Illuminate/Foundation/Console/ViewClearCommand->handle()
#1 F:/Afrishop/Afrishop/3-Backend-laravel/vendor/laravel/framework/src/Illuminate/Container/Util.php(43): Illuminate/Container/BoundMethod::{closure:Illuminate/Container/BoundMethod::call():35}()
#2 F:/Afrishop/Afrishop/3-Backend-laravel/vendor/laravel/framework/src/Illuminate/Container/BoundMethod.php(96): Illuminate/Container/Util::unwrapIfClosure(Object(Closure))
#3 F:/Afrishop/Afrishop/3-Backend-laravel/vendor/laravel/framework/src/Illuminate/Container/BoundMethod.php(35): Illuminate/Container/BoundMethod::callBoundMethod(Object(Illuminate/Foundation/Application), Array, Object(Closure))
#4 F:/Afrishop/Afrishop/3-Backend-laravel/vendor/laravel/framework/src/Illuminate/Container/Container.php(800): Illuminate/Container/BoundMethod::call(Object(Illuminate/Foundation/Application), Array, Array, NULL)
#5 F:/Afrishop/Afrishop/3-Backend-laravel/vendor/laravel/framework/src/Illuminate/Console/Command.php(292): Illuminate/Container/Container->call(Array)
#6 F:/Afrishop/Afrishop/3-Backend-laravel/vendor/symfony/console/Command/Command.php(284): Illuminate/Console/Command->execute(Object(Symfony/Component/Console/Input/ArrayInput), Object(Illuminate/Console/OutputStyle))
#7 F:/Afrishop/Afrishop/3-Backend-laravel/vendor/laravel/framework/src/Illuminate/Console/Command.php(261): Symfony/Component/Console/Command/Command->run(Object(Symfony/Component/Console/Input/ArrayInput), Object(Illuminate/Console/OutputStyle))
#8 F:/Afrishop/Afrishop/3-Backend-laravel/vendor/laravel/framework/src/Illuminate/Console/Concerns/CallsCommands.php(68): Illuminate/Console/Command->run(Object(Symfony/Component/Console/Input/ArrayInput), Object(Symfony/Component/Console/Output/NullOutput))
#9 F:/Afrishop/Afrishop/3-Backend-laravel/vendor/laravel/framework/src/Illuminate/Console/Concerns/CallsCommands.php(41): Illuminate/Console/Command->runCommand('view:clear', Array, Object(Symfony/Component/Console/Output/NullOutput))
#10 F:/Afrishop/Afrishop/3-Backend-laravel/vendor/laravel/framework/src/Illuminate/Console/Concerns/CallsCommands.php(53): Illuminate/Console/Command->callSilent('view:clear', Array)
#11 F:/Afrishop/Afrishop/3-Backend-laravel/vendor/laravel/framework/src/Illuminate/Foundation/Console/OptimizeClearCommand.php(48): Illuminate/Console/Command->callSilently('view:clear')
#12 F:/Afrishop/Afrishop/3-Backend-laravel/vendor/laravel/framework/src/Illuminate/Console/View/Components/Task.php(43): Illuminate/Foundation/Console/OptimizeClearCommand->{closure:Illuminate/Foundation/Console/OptimizeClearCommand::handle():48}()
#13 F:/Afrishop/Afrishop/3-Backend-laravel/vendor/laravel/framework/src/Illuminate/Console/View/Components/Factory.php(61): Illuminate/Console/View/Components/Task->render('views', Object(Closure))
#14 F:/Afrishop/Afrishop/3-Backend-laravel/vendor/laravel/framework/src/Illuminate/Foundation/Console/OptimizeClearCommand.php(48): Illuminate/Console/View/Components/Factory->__call('task', Array)
#15 F:/Afrishop/Afrishop/3-Backend-laravel/vendor/laravel/framework/src/Illuminate/Container/BoundMethod.php(36): Illuminate/Foundation/Console/OptimizeClearCommand->handle()
#16 F:/Afrishop/Afrishop/3-Backend-laravel/vendor/laravel/framework/src/Illuminate/Container/Util.php(43): Illuminate/Container/BoundMethod::{closure:Illuminate/Container/BoundMethod::call():35}()
#17 F:/Afrishop/Afrishop/3-Backend-laravel/vendor/laravel/framework/src/Illuminate/Container/BoundMethod.php(96): Illuminate/Container/Util::unwrapIfClosure(Object(Closure))
#18 F:/Afrishop/Afrishop/3-Backend-laravel/vendor/laravel/framework/src/Illuminate/Container/BoundMethod.php(35): Illuminate/Container/BoundMethod::callBoundMethod(Object(Illuminate/Foundation/Application), Array, Object(Closure))
#19 F:/Afrishop/Afrishop/3-Backend-laravel/vendor/laravel/framework/src/Illuminate/Container/Container.php(800): Illuminate/Container/BoundMethod::call(Object(Illuminate/Foundation/Application), Array, Array, NULL)
#20 F:/Afrishop/Afrishop/3-Backend-laravel/vendor/laravel/framework/src/Illuminate/Console/Command.php(292): Illuminate/Container/Container->call(Array)
#21 F:/Afrishop/Afrishop/3-Backend-laravel/vendor/symfony/console/Command/Command.php(284): Illuminate/Console/Command->execute(Object(Symfony/Component/Console/Input/ArgvInput), Object(Illuminate/Console/OutputStyle))
#22 F:/Afrishop/Afrishop/3-Backend-laravel/vendor/laravel/framework/src/Illuminate/Console/Command.php(261): Symfony/Component/Console/Command/Command->run(Object(Symfony/Component/Console/Input/ArgvInput), Object(Illuminate/Console/OutputStyle))
#23 F:/Afrishop/Afrishop/3-Backend-laravel/vendor/symfony/console/Application.php(1144): Illuminate/Console/Command->run(Object(Symfony/Component/Console/Input/ArgvInput), Object(Symfony/Component/Console/Output/ConsoleOutput))
#24 F:/Afrishop/Afrishop/3-Backend-laravel/vendor/symfony/console/Application.php(379): Symfony/Component/Console/Application->doRunCommand(Object(Illuminate/Foundation/Console/OptimizeClearCommand), Object(Symfony/Component/Console/Input/ArgvInput), Object(Symfony/Component/Console/Output/ConsoleOutput))
#25 F:/Afrishop/Afrishop/3-Backend-laravel/vendor/symfony/console/Application.php(218): Symfony/Component/Console/Application->doRun(Object(Symfony/Component/Console/Input/ArgvInput), Object(Symfony/Component/Console/Output/ConsoleOutput))
#26 F:/Afrishop/Afrishop/3-Backend-laravel/vendor/laravel/framework/src/Illuminate/Foundation/Console/Kernel.php(198): Symfony/Component/Console/Application->run(Object(Symfony/Component/Console/Input/ArgvInput), Object(Symfony/Component/Console/Output/ConsoleOutput))
#27 F:/Afrishop/Afrishop/3-Backend-laravel/vendor/laravel/framework/src/Illuminate/Foundation/Application.php(1242): Illuminate/Foundation/Console/Kernel->handle(Object(Symfony/Component/Console/Input/ArgvInput), Object(Symfony/Component/Console/Output/ConsoleOutput))
#28 F:/Afrishop/Afrishop/3-Backend-laravel/artisan(16): Illuminate/Foundation/Application->handleCommand(Object(Symfony/Component/Console/Input/ArgvInput))
#29 {main}
"} 
[2026-08-07 22:55:05] production.ERROR: SQLSTATE[42S02]: Base table or view not found: 1146 Table 'performance_schema.session_status' doesn't exist (Connection: mysql, Host: 127.0.0.1, Port: 3306, Database: afrishope, SQL: select variable_value as `Value` from performance_schema.session_status where variable_name = 'threads_connected') {"exception":"[object] (Illuminate\\Database\\QueryException(code: 42S02): SQLSTATE[42S02]: Base table or view not found: 1146 Table 'performance_schema.session_status' doesn't exist (Connection: mysql, Host: 127.0.0.1, Port: 3306, Database: afrishope, SQL: select variable_value as `Value` from performance_schema.session_status where variable_name = 'threads_connected') at F:/Afrishop/Afrishop/3-Backend-laravel/vendor/laravel/framework/src/Illuminate/Database/Connection.php:857)
[stacktrace]
#0 F:/Afrishop/Afrishop/3-Backend-laravel/vendor/laravel/framework/src/Illuminate/Database/Connection.php(813): Illuminate/Database/Connection->runQueryCallback('select variable...', Array, Object(Closure))
#1 F:/Afrishop/Afrishop/3-Backend-laravel/vendor/laravel/framework/src/Illuminate/Database/Connection.php(426): Illuminate/Database/Connection->run('select variable...', Array, Object(Closure))
#2 F:/Afrishop/Afrishop/3-Backend-laravel/vendor/laravel/framework/src/Illuminate/Database/Connection.php(371): Illuminate/Database/Connection->select('select variable...', Array, true)
#3 F:/Afrishop/Afrishop/3-Backend-laravel/vendor/laravel/framework/src/Illuminate/Database/Connection.php(388): Illuminate/Database/Connection->selectOne('select variable...', Array, true)
#4 F:/Afrishop/Afrishop/3-Backend-laravel/vendor/laravel/framework/src/Illuminate/Database/Connection.php(666): Illuminate/Database/Connection->scalar('select variable...')
#5 F:/Afrishop/Afrishop/3-Backend-laravel/vendor/laravel/framework/src/Illuminate/Database/Console/ShowCommand.php(55): Illuminate/Database/Connection->threadCount()
#6 F:/Afrishop/Afrishop/3-Backend-laravel/vendor/laravel/framework/src/Illuminate/Container/BoundMethod.php(36): Illuminate/Database/Console/ShowCommand->handle(Object(Illuminate/Database/DatabaseManager))
#7 F:/Afrishop/Afrishop/3-Backend-laravel/vendor/laravel/framework/src/Illuminate/Container/Util.php(43): Illuminate/Container/BoundMethod::{closure:Illuminate/Container/BoundMethod::call():35}()
#8 F:/Afrishop/Afrishop/3-Backend-laravel/vendor/laravel/framework/src/Illuminate/Container/BoundMethod.php(96): Illuminate/Container/Util::unwrapIfClosure(Object(Closure))
#9 F:/Afrishop/Afrishop/3-Backend-laravel/vendor/laravel/framework/src/Illuminate/Container/BoundMethod.php(35): Illuminate/Container/BoundMethod::callBoundMethod(Object(Illuminate/Foundation/Application), Array, Object(Closure))
#10 F:/Afrishop/Afrishop/3-Backend-laravel/vendor/laravel/framework/src/Illuminate/Container/Container.php(800): Illuminate/Container/BoundMethod::call(Object(Illuminate/Foundation/Application), Array, Array, NULL)
#11 F:/Afrishop/Afrishop/3-Backend-laravel/vendor/laravel/framework/src/Illuminate/Console/Command.php(292): Illuminate/Container/Container->call(Array)
#12 F:/Afrishop/Afrishop/3-Backend-laravel/vendor/symfony/console/Command/Command.php(284): Illuminate/Console/Command->execute(Object(Symfony/Component/Console/Input/ArgvInput), Object(Illuminate/Console/OutputStyle))
#13 F:/Afrishop/Afrishop/3-Backend-laravel/vendor/laravel/framework/src/Illuminate/Console/Command.php(261): Symfony/Component/Console/Command/Command->run(Object(Symfony/Component/Console/Input/ArgvInput), Object(Illuminate/Console/OutputStyle))
#14 F:/Afrishop/Afrishop/3-Backend-laravel/vendor/symfony/console/Application.php(1144): Illuminate/Console/Command->run(Object(Symfony/Component/Console/Input/ArgvInput), Object(Symfony/Component/Console/Output/ConsoleOutput))
#15 F:/Afrishop/Afrishop/3-Backend-laravel/vendor/symfony/console/Application.php(379): Symfony/Component/Console/Application->doRunCommand(Object(Illuminate/Database/Console/ShowCommand), Object(Symfony/Component/Console/Input/ArgvInput), Object(Symfony/Component/Console/Output/ConsoleOutput))
#16 F:/Afrishop/Afrishop/3-Backend-laravel/vendor/symfony/console/Application.php(218): Symfony/Component/Console/Application->doRun(Object(Symfony/Component/Console/Input/ArgvInput), Object(Symfony/Component/Console/Output/ConsoleOutput))
#17 F:/Afrishop/Afrishop/3-Backend-laravel/vendor/laravel/framework/src/Illuminate/Foundation/Console/Kernel.php(198): Symfony/Component/Console/Application->run(Object(Symfony/Component/Console/Input/ArgvInput), Object(Symfony/Component/Console/Output/ConsoleOutput))
#18 F:/Afrishop/Afrishop/3-Backend-laravel/vendor/laravel/framework/src/Illuminate/Foundation/Application.php(1242): Illuminate/Foundation/Console/Kernel->handle(Object(Symfony/Component/Console/Input/ArgvInput), Object(Symfony/Component/Console/Output/ConsoleOutput))
#19 F:/Afrishop/Afrishop/3-Backend-laravel/artisan(16): Illuminate/Foundation/Application->handleCommand(Object(Symfony/Component/Console/Input/ArgvInput))
#20 {main}

[previous exception] [object] (PDOException(code: 42S02): SQLSTATE[42S02]: Base table or view not found: 1146 Table 'performance_schema.session_status' doesn't exist at F:/Afrishop/Afrishop/3-Backend-laravel/vendor/laravel/framework/src/Illuminate/Database/Connection.php:435)
[stacktrace]
#0 F:/Afrishop/Afrishop/3-Backend-laravel/vendor/laravel/framework/src/Illuminate/Database/Connection.php(435): PDO->prepare('select variable...')
#1 F:/Afrishop/Afrishop/3-Backend-laravel/vendor/laravel/framework/src/Illuminate/Database/Connection.php(846): Illuminate/Database/Connection->{closure:Illuminate/Database/Connection::select():426}('select variable...', Array)
#2 F:/Afrishop/Afrishop/3-Backend-laravel/vendor/laravel/framework/src/Illuminate/Database/Connection.php(813): Illuminate/Database/Connection->runQueryCallback('select variable...', Array, Object(Closure))
#3 F:/Afrishop/Afrishop/3-Backend-laravel/vendor/laravel/framework/src/Illuminate/Database/Connection.php(426): Illuminate/Database/Connection->run('select variable...', Array, Object(Closure))
#4 F:/Afrishop/Afrishop/3-Backend-laravel/vendor/laravel/framework/src/Illuminate/Database/Connection.php(371): Illuminate/Database/Connection->select('select variable...', Array, true)
#5 F:/Afrishop/Afrishop/3-Backend-laravel/vendor/laravel/framework/src/Illuminate/Database/Connection.php(388): Illuminate/Database/Connection->selectOne('select variable...', Array, true)
#6 F:/Afrishop/Afrishop/3-Backend-laravel/vendor/laravel/framework/src/Illuminate/Database/Connection.php(666): Illuminate/Database/Connection->scalar('select variable...')
#7 F:/Afrishop/Afrishop/3-Backend-laravel/vendor/laravel/framework/src/Illuminate/Database/Console/ShowCommand.php(55): Illuminate/Database/Connection->threadCount()
#8 F:/Afrishop/Afrishop/3-Backend-laravel/vendor/laravel/framework/src/Illuminate/Container/BoundMethod.php(36): Illuminate/Database/Console/ShowCommand->handle(Object(Illuminate/Database/DatabaseManager))
#9 F:/Afrishop/Afrishop/3-Backend-laravel/vendor/laravel/framework/src/Illuminate/Container/Util.php(43): Illuminate/Container/BoundMethod::{closure:Illuminate/Container/BoundMethod::call():35}()
#10 F:/Afrishop/Afrishop/3-Backend-laravel/vendor/laravel/framework/src/Illuminate/Container/BoundMethod.php(96): Illuminate/Container/Util::unwrapIfClosure(Object(Closure))
#11 F:/Afrishop/Afrishop/3-Backend-laravel/vendor/laravel/framework/src/Illuminate/Container/BoundMethod.php(35): Illuminate/Container/BoundMethod::callBoundMethod(Object(Illuminate/Foundation/Application), Array, Object(Closure))
#12 F:/Afrishop/Afrishop/3-Backend-laravel/vendor/laravel/framework/src/Illuminate/Container/Container.php(800): Illuminate/Container/BoundMethod::call(Object(Illuminate/Foundation/Application), Array, Array, NULL)
#13 F:/Afrishop/Afrishop/3-Backend-laravel/vendor/laravel/framework/src/Illuminate/Console/Command.php(292): Illuminate/Container/Container->call(Array)
#14 F:/Afrishop/Afrishop/3-Backend-laravel/vendor/symfony/console/Command/Command.php(284): Illuminate/Console/Command->execute(Object(Symfony/Component/Console/Input/ArgvInput), Object(Illuminate/Console/OutputStyle))
#15 F:/Afrishop/Afrishop/3-Backend-laravel/vendor/laravel/framework/src/Illuminate/Console/Command.php(261): Symfony/Component/Console/Command/Command->run(Object(Symfony/Component/Console/Input/ArgvInput), Object(Illuminate/Console/OutputStyle))
#16 F:/Afrishop/Afrishop/3-Backend-laravel/vendor/symfony/console/Application.php(1144): Illuminate/Console/Command->run(Object(Symfony/Component/Console/Input/ArgvInput), Object(Symfony/Component/Console/Output/ConsoleOutput))
#17 F:/Afrishop/Afrishop/3-Backend-laravel/vendor/symfony/console/Application.php(379): Symfony/Component/Console/Application->doRunCommand(Object(Illuminate/Database/Console/ShowCommand), Object(Symfony/Component/Console/Input/ArgvInput), Object(Symfony/Component/Console/Output/ConsoleOutput))
#18 F:/Afrishop/Afrishop/3-Backend-laravel/vendor/symfony/console/Application.php(218): Symfony/Component/Console/Application->doRun(Object(Symfony/Component/Console/Input/ArgvInput), Object(Symfony/Component/Console/Output/ConsoleOutput))
#19 F:/Afrishop/Afrishop/3-Backend-laravel/vendor/laravel/framework/src/Illuminate/Foundation/Console/Kernel.php(198): Symfony/Component/Console/Application->run(Object(Symfony/Component/Console/Input/ArgvInput), Object(Symfony/Component/Console/Output/ConsoleOutput))
#20 F:/Afrishop/Afrishop/3-Backend-laravel/vendor/laravel/framework/src/Illuminate/Foundation/Application.php(1242): Illuminate/Foundation/Console/Kernel->handle(Object(Symfony/Component/Console/Input/ArgvInput), Object(Symfony/Component/Console/Output/ConsoleOutput))
#21 F:/Afrishop/Afrishop/3-Backend-laravel/artisan(16): Illuminate/Foundation/Application->handleCommand(Object(Symfony/Component/Console/Input/ArgvInput))
#22 {main}
"} 
[2026-08-07 23:04:55] production.ERROR: Command "tinker" is not defined. {"exception":"[object] (Symfony\\Component\\Console\\Exception\\CommandNotFoundException(code: 0): Command \"tinker\" is not defined. at F:/Afrishop/Afrishop/3-Backend-laravel/vendor/symfony/console/Application.php:785)
[stacktrace]
#0 F:/Afrishop/Afrishop/3-Backend-laravel/vendor/symfony/console/Application.php(321): Symfony/Component/Console/Application->find('tinker')
#1 F:/Afrishop/Afrishop/3-Backend-laravel/vendor/symfony/console/Application.php(218): Symfony/Component/Console/Application->doRun(Object(Symfony/Component/Console/Input/ArgvInput), Object(Symfony/Component/Console/Output/ConsoleOutput))
#2 F:/Afrishop/Afrishop/3-Backend-laravel/vendor/laravel/framework/src/Illuminate/Foundation/Console/Kernel.php(198): Symfony/Component/Console/Application->run(Object(Symfony/Component/Console/Input/ArgvInput), Object(Symfony/Component/Console/Output/ConsoleOutput))
#3 F:/Afrishop/Afrishop/3-Backend-laravel/vendor/laravel/framework/src/Illuminate/Foundation/Application.php(1242): Illuminate/Foundation/Console/Kernel->handle(Object(Symfony/Component/Console/Input/ArgvInput), Object(Symfony/Component/Console/Output/ConsoleOutput))
#4 F:/Afrishop/Afrishop/3-Backend-laravel/artisan(16): Illuminate/Foundation/Application->handleCommand(Object(Symfony/Component/Console/Input/ArgvInput))
#5 {main}
"} 
[2026-08-07 23:12:46] local.ERROR: Class "App\Http\Controllers\Controller" not found {"exception":"[object] (Error(code: 0): Class \"App\\Http\\Controllers\\Controller\" not found at F:/Afrishop/Afrishop/3-Backend-laravel/app/Http/Controllers/Api/VerificationQrController.php:23)
[stacktrace]
#0 F:/Afrishop/Afrishop/3-Backend-laravel/vendor/composer/ClassLoader.php(576): include()
#1 F:/Afrishop/Afrishop/3-Backend-laravel/vendor/composer/ClassLoader.php(427): {closure:Composer/Autoload/ClassLoader::initializeIncludeClosure():575}('F://Afrishop//Afr...')
#2 [internal function]: Composer/Autoload/ClassLoader->loadClass('App//Http//Contro...')
#3 F:/Afrishop/Afrishop/3-Backend-laravel/vendor/laravel/framework/src/Illuminate/Routing/Route.php(1182): ReflectionClass->__construct('App//Http//Contro...')
#4 F:/Afrishop/Afrishop/3-Backend-laravel/vendor/laravel/framework/src/Illuminate/Routing/Route.php(1132): Illuminate/Routing/Route->attributeProvidedControllerMiddleware('App//Http//Contro...', 'verifier')
#5 F:/Afrishop/Afrishop/3-Backend-laravel/vendor/laravel/framework/src/Illuminate/Routing/Route.php(1069): Illuminate/Routing/Route->controllerMiddleware()
#6 F:/Afrishop/Afrishop/3-Backend-laravel/vendor/laravel/framework/src/Illuminate/Routing/Router.php(834): Illuminate/Routing/Route->gatherMiddleware()
#7 F:/Afrishop/Afrishop/3-Backend-laravel/vendor/laravel/framework/src/Illuminate/Foundation/Console/RouteListCommand.php(240): Illuminate/Routing/Router->gatherRouteMiddleware(Object(Illuminate/Routing/Route))
#8 F:/Afrishop/Afrishop/3-Backend-laravel/vendor/laravel/framework/src/Illuminate/Foundation/Console/RouteListCommand.php(159): Illuminate/Foundation/Console/RouteListCommand->getMiddleware(Object(Illuminate/Routing/Route))
#9 F:/Afrishop/Afrishop/3-Backend-laravel/vendor/laravel/framework/src/Illuminate/Foundation/Console/RouteListCommand.php(128): Illuminate/Foundation/Console/RouteListCommand->getRouteInformation(Object(Illuminate/Routing/Route))
#10 [internal function]: Illuminate/Foundation/Console/RouteListCommand->{closure:Illuminate/Foundation/Console/RouteListCommand::getRoutes():128}(Object(Illuminate/Routing/Route), 2)
#11 F:/Afrishop/Afrishop/3-Backend-laravel/vendor/laravel/framework/src/Illuminate/Collections/Arr.php(856): array_map(Object(Closure), Array, Array)
#12 F:/Afrishop/Afrishop/3-Backend-laravel/vendor/laravel/framework/src/Illuminate/Collections/Collection.php(831): Illuminate/Support/Arr::map(Array, Object(Closure))
#13 F:/Afrishop/Afrishop/3-Backend-laravel/vendor/laravel/framework/src/Illuminate/Foundation/Console/RouteListCommand.php(128): Illuminate/Support/Collection->map(Object(Closure))
#14 F:/Afrishop/Afrishop/3-Backend-laravel/vendor/laravel/framework/src/Illuminate/Foundation/Console/RouteListCommand.php(113): Illuminate/Foundation/Console/RouteListCommand->getRoutes()
#15 F:/Afrishop/Afrishop/3-Backend-laravel/vendor/laravel/framework/src/Illuminate/Container/BoundMethod.php(36): Illuminate/Foundation/Console/RouteListCommand->handle()
#16 F:/Afrishop/Afrishop/3-Backend-laravel/vendor/laravel/framework/src/Illuminate/Container/Util.php(43): Illuminate/Container/BoundMethod::{closure:Illuminate/Container/BoundMethod::call():35}()
#17 F:/Afrishop/Afrishop/3-Backend-laravel/vendor/laravel/framework/src/Illuminate/Container/BoundMethod.php(96): Illuminate/Container/Util::unwrapIfClosure(Object(Closure))
#18 F:/Afrishop/Afrishop/3-Backend-laravel/vendor/laravel/framework/src/Illuminate/Container/BoundMethod.php(35): Illuminate/Container/BoundMethod::callBoundMethod(Object(Illuminate/Foundation/Application), Array, Object(Closure))
#19 F:/Afrishop/Afrishop/3-Backend-laravel/vendor/laravel/framework/src/Illuminate/Container/Container.php(800): Illuminate/Container/BoundMethod::call(Object(Illuminate/Foundation/Application), Array, Array, NULL)
#20 F:/Afrishop/Afrishop/3-Backend-laravel/vendor/laravel/framework/src/Illuminate/Console/Command.php(292): Illuminate/Container/Container->call(Array)
#21 F:/Afrishop/Afrishop/3-Backend-laravel/vendor/symfony/console/Command/Command.php(284): Illuminate/Console/Command->execute(Object(Symfony/Component/Console/Input/ArgvInput), Object(Illuminate/Console/OutputStyle))
#22 F:/Afrishop/Afrishop/3-Backend-laravel/vendor/laravel/framework/src/Illuminate/Console/Command.php(261): Symfony/Component/Console/Command/Command->run(Object(Symfony/Component/Console/Input/ArgvInput), Object(Illuminate/Console/OutputStyle))
#23 F:/Afrishop/Afrishop/3-Backend-laravel/vendor/symfony/console/Application.php(1144): Illuminate/Console/Command->run(Object(Symfony/Component/Console/Input/ArgvInput), Object(Symfony/Component/Console/Output/ConsoleOutput))
#24 F:/Afrishop/Afrishop/3-Backend-laravel/vendor/symfony/console/Application.php(379): Symfony/Component/Console/Application->doRunCommand(Object(Illuminate/Foundation/Console/RouteListCommand), Object(Symfony/Component/Console/Input/ArgvInput), Object(Symfony/Component/Console/Output/ConsoleOutput))
#25 F:/Afrishop/Afrishop/3-Backend-laravel/vendor/symfony/console/Application.php(218): Symfony/Component/Console/Application->doRun(Object(Symfony/Component/Console/Input/ArgvInput), Object(Symfony/Component/Console/Output/ConsoleOutput))
#26 F:/Afrishop/Afrishop/3-Backend-laravel/vendor/laravel/framework/src/Illuminate/Foundation/Console/Kernel.php(198): Symfony/Component/Console/Application->run(Object(Symfony/Component/Console/Input/ArgvInput), Object(Symfony/Component/Console/Output/ConsoleOutput))
#27 F:/Afrishop/Afrishop/3-Backend-laravel/vendor/laravel/framework/src/Illuminate/Foundation/Application.php(1242): Illuminate/Foundation/Console/Kernel->handle(Object(Symfony/Component/Console/Input/ArgvInput), Object(Symfony/Component/Console/Output/ConsoleOutput))
#28 F:/Afrishop/Afrishop/3-Backend-laravel/artisan(16): Illuminate/Foundation/Application->handleCommand(Object(Symfony/Component/Console/Input/ArgvInput))
#29 {main}
"} 
[2026-08-07 23:23:55] local.ERROR: Class "App\Http\Controllers\Controller" not found {"exception":"[object] (Error(code: 0): Class \"App\\Http\\Controllers\\Controller\" not found at F:/Afrishop/Afrishop/3-Backend-laravel/app/Http/Controllers/Api/VerificationQrController.php:23)
[stacktrace]
#0 F:/Afrishop/Afrishop/3-Backend-laravel/vendor/composer/ClassLoader.php(576): include()
#1 F:/Afrishop/Afrishop/3-Backend-laravel/vendor/composer/ClassLoader.php(427): {closure:Composer/Autoload/ClassLoader::initializeIncludeClosure():575}('F://Afrishop//Afr...')
#2 [internal function]: Composer/Autoload/ClassLoader->loadClass('App//Http//Contro...')
#3 F:/Afrishop/Afrishop/3-Backend-laravel/vendor/laravel/framework/src/Illuminate/Routing/Route.php(1182): ReflectionClass->__construct('App//Http//Contro...')
#4 F:/Afrishop/Afrishop/3-Backend-laravel/vendor/laravel/framework/src/Illuminate/Routing/Route.php(1132): Illuminate/Routing/Route->attributeProvidedControllerMiddleware('App//Http//Contro...', 'verifier')
#5 F:/Afrishop/Afrishop/3-Backend-laravel/vendor/laravel/framework/src/Illuminate/Routing/Route.php(1069): Illuminate/Routing/Route->controllerMiddleware()
#6 F:/Afrishop/Afrishop/3-Backend-laravel/vendor/laravel/framework/src/Illuminate/Routing/Router.php(834): Illuminate/Routing/Route->gatherMiddleware()
#7 F:/Afrishop/Afrishop/3-Backend-laravel/vendor/laravel/framework/src/Illuminate/Foundation/Console/RouteListCommand.php(240): Illuminate/Routing/Router->gatherRouteMiddleware(Object(Illuminate/Routing/Route))
#8 F:/Afrishop/Afrishop/3-Backend-laravel/vendor/laravel/framework/src/Illuminate/Foundation/Console/RouteListCommand.php(159): Illuminate/Foundation/Console/RouteListCommand->getMiddleware(Object(Illuminate/Routing/Route))
#9 F:/Afrishop/Afrishop/3-Backend-laravel/vendor/laravel/framework/src/Illuminate/Foundation/Console/RouteListCommand.php(128): Illuminate/Foundation/Console/RouteListCommand->getRouteInformation(Object(Illuminate/Routing/Route))
#10 [internal function]: Illuminate/Foundation/Console/RouteListCommand->{closure:Illuminate/Foundation/Console/RouteListCommand::getRoutes():128}(Object(Illuminate/Routing/Route), 2)
#11 F:/Afrishop/Afrishop/3-Backend-laravel/vendor/laravel/framework/src/Illuminate/Collections/Arr.php(856): array_map(Object(Closure), Array, Array)
#12 F:/Afrishop/Afrishop/3-Backend-laravel/vendor/laravel/framework/src/Illuminate/Collections/Collection.php(831): Illuminate/Support/Arr::map(Array, Object(Closure))
#13 F:/Afrishop/Afrishop/3-Backend-laravel/vendor/laravel/framework/src/Illuminate/Foundation/Console/RouteListCommand.php(128): Illuminate/Support/Collection->map(Object(Closure))
#14 F:/Afrishop/Afrishop/3-Backend-laravel/vendor/laravel/framework/src/Illuminate/Foundation/Console/RouteListCommand.php(113): Illuminate/Foundation/Console/RouteListCommand->getRoutes()
#15 F:/Afrishop/Afrishop/3-Backend-laravel/vendor/laravel/framework/src/Illuminate/Container/BoundMethod.php(36): Illuminate/Foundation/Console/RouteListCommand->handle()
#16 F:/Afrishop/Afrishop/3-Backend-laravel/vendor/laravel/framework/src/Illuminate/Container/Util.php(43): Illuminate/Container/BoundMethod::{closure:Illuminate/Container/BoundMethod::call():35}()
#17 F:/Afrishop/Afrishop/3-Backend-laravel/vendor/laravel/framework/src/Illuminate/Container/BoundMethod.php(96): Illuminate/Container/Util::unwrapIfClosure(Object(Closure))
#18 F:/Afrishop/Afrishop/3-Backend-laravel/vendor/laravel/framework/src/Illuminate/Container/BoundMethod.php(35): Illuminate/Container/BoundMethod::callBoundMethod(Object(Illuminate/Foundation/Application), Array, Object(Closure))
#19 F:/Afrishop/Afrishop/3-Backend-laravel/vendor/laravel/framework/src/Illuminate/Container/Container.php(800): Illuminate/Container/BoundMethod::call(Object(Illuminate/Foundation/Application), Array, Array, NULL)
#20 F:/Afrishop/Afrishop/3-Backend-laravel/vendor/laravel/framework/src/Illuminate/Console/Command.php(292): Illuminate/Container/Container->call(Array)
#21 F:/Afrishop/Afrishop/3-Backend-laravel/vendor/symfony/console/Command/Command.php(284): Illuminate/Console/Command->execute(Object(Symfony/Component/Console/Input/ArgvInput), Object(Illuminate/Console/OutputStyle))
#22 F:/Afrishop/Afrishop/3-Backend-laravel/vendor/laravel/framework/src/Illuminate/Console/Command.php(261): Symfony/Component/Console/Command/Command->run(Object(Symfony/Component/Console/Input/ArgvInput), Object(Illuminate/Console/OutputStyle))
#23 F:/Afrishop/Afrishop/3-Backend-laravel/vendor/symfony/console/Application.php(1144): Illuminate/Console/Command->run(Object(Symfony/Component/Console/Input/ArgvInput), Object(Symfony/Component/Console/Output/ConsoleOutput))
#24 F:/Afrishop/Afrishop/3-Backend-laravel/vendor/symfony/console/Application.php(379): Symfony/Component/Console/Application->doRunCommand(Object(Illuminate/Foundation/Console/RouteListCommand), Object(Symfony/Component/Console/Input/ArgvInput), Object(Symfony/Component/Console/Output/ConsoleOutput))
#25 F:/Afrishop/Afrishop/3-Backend-laravel/vendor/symfony/console/Application.php(218): Symfony/Component/Console/Application->doRun(Object(Symfony/Component/Console/Input/ArgvInput), Object(Symfony/Component/Console/Output/ConsoleOutput))
#26 F:/Afrishop/Afrishop/3-Backend-laravel/vendor/laravel/framework/src/Illuminate/Foundation/Console/Kernel.php(198): Symfony/Component/Console/Application->run(Object(Symfony/Component/Console/Input/ArgvInput), Object(Symfony/Component/Console/Output/ConsoleOutput))
#27 F:/Afrishop/Afrishop/3-Backend-laravel/vendor/laravel/framework/src/Illuminate/Foundation/Application.php(1242): Illuminate/Foundation/Console/Kernel->handle(Object(Symfony/Component/Console/Input/ArgvInput), Object(Symfony/Component/Console/Output/ConsoleOutput))
#28 F:/Afrishop/Afrishop/3-Backend-laravel/artisan(16): Illuminate/Foundation/Application->handleCommand(Object(Symfony/Component/Console/Input/ArgvInput))
#29 {main}
"} 
[2026-08-07 23:36:08] local.ERROR: Class "App\Http\Controllers\Controller" not found {"exception":"[object] (Error(code: 0): Class \"App\\Http\\Controllers\\Controller\" not found at F:/Afrishop/Afrishop/3-Backend-laravel/app/Http/Controllers/Api/VerificationQrController.php:23)
[stacktrace]
#0 F:/Afrishop/Afrishop/3-Backend-laravel/vendor/composer/ClassLoader.php(576): include()
#1 F:/Afrishop/Afrishop/3-Backend-laravel/vendor/composer/ClassLoader.php(427): {closure:Composer/Autoload/ClassLoader::initializeIncludeClosure():575}('F://Afrishop//Afr...')
#2 [internal function]: Composer/Autoload/ClassLoader->loadClass('App//Http//Contro...')
#3 F:/Afrishop/Afrishop/3-Backend-laravel/vendor/laravel/framework/src/Illuminate/Routing/Route.php(1182): ReflectionClass->__construct('App//Http//Contro...')
#4 F:/Afrishop/Afrishop/3-Backend-laravel/vendor/laravel/framework/src/Illuminate/Routing/Route.php(1132): Illuminate/Routing/Route->attributeProvidedControllerMiddleware('App//Http//Contro...', 'verifier')
#5 F:/Afrishop/Afrishop/3-Backend-laravel/vendor/laravel/framework/src/Illuminate/Routing/Route.php(1069): Illuminate/Routing/Route->controllerMiddleware()
#6 F:/Afrishop/Afrishop/3-Backend-laravel/vendor/laravel/framework/src/Illuminate/Routing/Router.php(834): Illuminate/Routing/Route->gatherMiddleware()
#7 F:/Afrishop/Afrishop/3-Backend-laravel/vendor/laravel/framework/src/Illuminate/Foundation/Console/RouteListCommand.php(240): Illuminate/Routing/Router->gatherRouteMiddleware(Object(Illuminate/Routing/Route))
#8 F:/Afrishop/Afrishop/3-Backend-laravel/vendor/laravel/framework/src/Illuminate/Foundation/Console/RouteListCommand.php(159): Illuminate/Foundation/Console/RouteListCommand->getMiddleware(Object(Illuminate/Routing/Route))
#9 F:/Afrishop/Afrishop/3-Backend-laravel/vendor/laravel/framework/src/Illuminate/Foundation/Console/RouteListCommand.php(128): Illuminate/Foundation/Console/RouteListCommand->getRouteInformation(Object(Illuminate/Routing/Route))
#10 [internal function]: Illuminate/Foundation/Console/RouteListCommand->{closure:Illuminate/Foundation/Console/RouteListCommand::getRoutes():128}(Object(Illuminate/Routing/Route), 2)
#11 F:/Afrishop/Afrishop/3-Backend-laravel/vendor/laravel/framework/src/Illuminate/Collections/Arr.php(856): array_map(Object(Closure), Array, Array)
#12 F:/Afrishop/Afrishop/3-Backend-laravel/vendor/laravel/framework/src/Illuminate/Collections/Collection.php(831): Illuminate/Support/Arr::map(Array, Object(Closure))
#13 F:/Afrishop/Afrishop/3-Backend-laravel/vendor/laravel/framework/src/Illuminate/Foundation/Console/RouteListCommand.php(128): Illuminate/Support/Collection->map(Object(Closure))
#14 F:/Afrishop/Afrishop/3-Backend-laravel/vendor/laravel/framework/src/Illuminate/Foundation/Console/RouteListCommand.php(113): Illuminate/Foundation/Console/RouteListCommand->getRoutes()
#15 F:/Afrishop/Afrishop/3-Backend-laravel/vendor/laravel/framework/src/Illuminate/Container/BoundMethod.php(36): Illuminate/Foundation/Console/RouteListCommand->handle()
#16 F:/Afrishop/Afrishop/3-Backend-laravel/vendor/laravel/framework/src/Illuminate/Container/Util.php(43): Illuminate/Container/BoundMethod::{closure:Illuminate/Container/BoundMethod::call():35}()
#17 F:/Afrishop/Afrishop/3-Backend-laravel/vendor/laravel/framework/src/Illuminate/Container/BoundMethod.php(96): Illuminate/Container/Util::unwrapIfClosure(Object(Closure))
#18 F:/Afrishop/Afrishop/3-Backend-laravel/vendor/laravel/framework/src/Illuminate/Container/BoundMethod.php(35): Illuminate/Container/BoundMethod::callBoundMethod(Object(Illuminate/Foundation/Application), Array, Object(Closure))
#19 F:/Afrishop/Afrishop/3-Backend-laravel/vendor/laravel/framework/src/Illuminate/Container/Container.php(800): Illuminate/Container/BoundMethod::call(Object(Illuminate/Foundation/Application), Array, Array, NULL)
#20 F:/Afrishop/Afrishop/3-Backend-laravel/vendor/laravel/framework/src/Illuminate/Console/Command.php(292): Illuminate/Container/Container->call(Array)
#21 F:/Afrishop/Afrishop/3-Backend-laravel/vendor/symfony/console/Command/Command.php(284): Illuminate/Console/Command->execute(Object(Symfony/Component/Console/Input/ArgvInput), Object(Illuminate/Console/OutputStyle))
#22 F:/Afrishop/Afrishop/3-Backend-laravel/vendor/laravel/framework/src/Illuminate/Console/Command.php(261): Symfony/Component/Console/Command/Command->run(Object(Symfony/Component/Console/Input/ArgvInput), Object(Illuminate/Console/OutputStyle))
#23 F:/Afrishop/Afrishop/3-Backend-laravel/vendor/symfony/console/Application.php(1144): Illuminate/Console/Command->run(Object(Symfony/Component/Console/Input/ArgvInput), Object(Symfony/Component/Console/Output/ConsoleOutput))
#24 F:/Afrishop/Afrishop/3-Backend-laravel/vendor/symfony/console/Application.php(379): Symfony/Component/Console/Application->doRunCommand(Object(Illuminate/Foundation/Console/RouteListCommand), Object(Symfony/Component/Console/Input/ArgvInput), Object(Symfony/Component/Console/Output/ConsoleOutput))
#25 F:/Afrishop/Afrishop/3-Backend-laravel/vendor/symfony/console/Application.php(218): Symfony/Component/Console/Application->doRun(Object(Symfony/Component/Console/Input/ArgvInput), Object(Symfony/Component/Console/Output/ConsoleOutput))
#26 F:/Afrishop/Afrishop/3-Backend-laravel/vendor/laravel/framework/src/Illuminate/Foundation/Console/Kernel.php(198): Symfony/Component/Console/Application->run(Object(Symfony/Component/Console/Input/ArgvInput), Object(Symfony/Component/Console/Output/ConsoleOutput))
#27 F:/Afrishop/Afrishop/3-Backend-laravel/vendor/laravel/framework/src/Illuminate/Foundation/Application.php(1242): Illuminate/Foundation/Console/Kernel->handle(Object(Symfony/Component/Console/Input/ArgvInput), Object(Symfony/Component/Console/Output/ConsoleOutput))
#28 F:/Afrishop/Afrishop/3-Backend-laravel/artisan(16): Illuminate/Foundation/Application->handleCommand(Object(Symfony/Component/Console/Input/ArgvInput))
#29 {main}
"} 
